<?xml version='1.0' encoding='utf-8'?>
<testsuite name="Enterprise_QA_Suite" tests="63" failures="0" errors="0" skipped="0" time="0.845"><testcase name="test_AUTH_01_token_generation_claims" classname="qa_tests.test_auth_unit.TestAuthAndTokens" /><testcase name="test_AUTH_04_defensive_password_verification_malformed_hashes" classname="qa_tests.test_auth_unit.TestAuthAndTokens" /><testcase name="test_AUTH_05_schema_validation_empty_and_types" classname="qa_tests.test_auth_unit.TestAuthAndTokens" /><testcase name="test_TOK_03_expired_token_handling" classname="qa_tests.test_auth_unit.TestAuthAndTokens" /><testcase name="test_TOK_04_tampered_token_handling" classname="qa_tests.test_auth_unit.TestAuthAndTokens" /><testcase name="test_REF_01_refresh_token_request_body_schema" classname="qa_tests.test_refresh_contracts.TestRefreshContracts" /><testcase name="test_REF_02_dual_mode_precedence_resolution" classname="qa_tests.test_refresh_contracts.TestRefreshContracts" /><testcase name="test_REF_03_missing_token_detection" classname="qa_tests.test_refresh_contracts.TestRefreshContracts" /><testcase name="test_REF_05_expired_refresh_token_rejected" classname="qa_tests.test_refresh_contracts.TestRefreshContracts" /><testcase name="test_LOG_01_logout_request_schema" classname="qa_tests.test_logout_and_isolation.TestLogoutAndIsolation" /><testcase name="test_LOG_04_multi_device_session_isolation_logic" classname="qa_tests.test_logout_and_isolation.TestLogoutAndIsolation" /><testcase name="test_LOG_05_quota_and_cache_preservation_on_logout" classname="qa_tests.test_logout_and_isolation.TestLogoutAndIsolation" /><testcase name="test_DB_03_engine_keepalive_configuration" classname="qa_tests.test_resilience_and_failures.TestResilienceAndFailures" /><testcase name="test_DOCK_01_docker_compose_authenticated_healthcheck" classname="qa_tests.test_resilience_and_failures.TestResilienceAndFailures" /><testcase name="test_RED_01_redis_fail_open_resilience" classname="qa_tests.test_resilience_and_failures.TestResilienceAndFailures" /><testcase name="test_SESS_01_cleanup_cutoff_calculation" classname="qa_tests.test_session_cleanup.TestSessionCleanup" /><testcase name="test_SESS_02_scheduler_job_registration" classname="qa_tests.test_session_cleanup.TestSessionCleanup" /><testcase name="test_REF_06_concurrent_refresh_token_decoding" classname="qa_tests.test_concurrency_load.TestConcurrencyLoad" /><testcase name="test_FE_01_interceptor_sends_json_body_refresh" classname="qa_tests.test_frontend_contracts.TestFrontendContracts" /><testcase name="test_FE_02_sequential_logout_with_guaranteed_cleanup" classname="qa_tests.test_frontend_contracts.TestFrontendContracts" /><testcase name="test_no_raw_jwt_prints_in_source" classname="qa_tests.test_bug_01_jwt_logging.TestBug01JwtLogging" /><testcase name="test_runtime_websocket_auth_does_not_leak_token_to_stdout" classname="qa_tests.test_bug_01_jwt_logging.TestBug01JwtLogging" /><testcase name="test_create_assistant_requires_authentication_dependency" classname="qa_tests.test_bug_02_assistant_authorization.TestBug02AssistantAuthorization" /><testcase name="test_tenant_workspace_assistant_model_integrity" classname="qa_tests.test_bug_02_assistant_authorization.TestBug02AssistantAuthorization" /><testcase name="test_unauthenticated_request_blocked" classname="qa_tests.test_bug_02_assistant_authorization.TestBug02AssistantAuthorization" /><testcase name="test_multi_turn_history_preservation" classname="qa_tests.test_bug_03_public_api.TestBug03PublicApi" /><testcase name="test_openai_standard_usage_structure" classname="qa_tests.test_bug_03_public_api.TestBug03PublicApi" /><testcase name="test_provider_failure_returns_sanitized_502" classname="qa_tests.test_bug_03_public_api.TestBug03PublicApi" /><testcase name="test_schema_rejects_empty_messages_list" classname="qa_tests.test_bug_03_public_api.TestBug03PublicApi" /><testcase name="test_background_parsing_uses_worker_thread" classname="qa_tests.test_bug_04_upload_limits.TestBug04UploadLimits" /><testcase name="test_oversized_file_rejected_with_400_and_no_orphan_files" classname="qa_tests.test_bug_04_upload_limits.TestBug04UploadLimits" /><testcase name="test_idle_timeout_is_180s" classname="qa_tests.test_bug_05_websocket_auth.TestBug05WebSocketAuth" /><testcase name="test_missing_token_closes_with_1008_without_send_json" classname="qa_tests.test_bug_05_websocket_auth.TestBug05WebSocketAuth" /><testcase name="test_python_snippet_syntax_validity" classname="qa_tests.test_bug_06_python_snippet.TestBug06PythonSnippet" /><testcase name="test_client_side_size_limit_check" classname="qa_tests.test_bug_07_reupload.TestBug07Reupload" /><testcase name="test_file_input_resets_value_in_onchange" classname="qa_tests.test_bug_07_reupload.TestBug07Reupload" /><testcase name="test_document_service_implements_get_job_status" classname="qa_tests.test_bug_08_ingestion_status.TestBug08IngestionStatus" /><testcase name="test_upload_button_polls_status_and_handles_terminal_states" classname="qa_tests.test_bug_08_ingestion_status.TestBug08IngestionStatus" /><testcase name="test_api_key_service_uses_central_api_client" classname="qa_tests.test_bug_09_api_key_refresh.TestBug09ApiKeyRefresh" /><testcase name="test_no_sensitive_logging_in_critical_modules" classname="qa_tests.test_security_regression.TestSecurityRegression" /><testcase name="test_verify_token_invalid_sub_format" classname="qa_tests.test_security_regression.TestSecurityRegression" /><testcase name="test_verify_token_missing_sub" classname="qa_tests.test_security_regression.TestSecurityRegression" /><testcase name="test_verify_token_valid_sub" classname="qa_tests.test_security_regression.TestSecurityRegression" /><testcase name="test_concurrent_public_api_payload_validation" classname="qa_tests.test_concurrency_regression.TestConcurrencyRegression" /><testcase name="test_concurrent_token_verifications" classname="qa_tests.test_concurrency_regression.TestConcurrencyRegression" /><testcase name="test_get_by_email_normalizes_case_and_whitespace" classname="qa_tests.test_case_insensitive_auth.TestCaseInsensitiveAuth" /><testcase name="test_get_by_email_with_empty_or_none" classname="qa_tests.test_case_insensitive_auth.TestCaseInsensitiveAuth" /><testcase name="test_BUG_01_explicit_document_attachment_is_preserved" classname="qa_tests.test_general_chat_accuracy.TestGeneralChatAccuracy" /><testcase name="test_BUG_01_general_chat_does_not_inherit_historical_pdf" classname="qa_tests.test_general_chat_accuracy.TestGeneralChatAccuracy" /><testcase name="test_BUG_02_groq_provider_does_not_truncate_prompts_under_100k" classname="qa_tests.test_general_chat_accuracy.TestGeneralChatAccuracy" /><testcase name="test_BUG_02_user_question_is_never_truncated_in_long_prompt" classname="qa_tests.test_general_chat_accuracy.TestGeneralChatAccuracy" /><testcase name="test_BUG_03_both_providers_fail_returns_sanitized_error" classname="qa_tests.test_general_chat_accuracy.TestGeneralChatAccuracy" /><testcase name="test_BUG_03_groq_model_name_syntax_validity" classname="qa_tests.test_general_chat_accuracy.TestGeneralChatAccuracy" /><testcase name="test_BUG_03_provider_fallback_does_not_crash_with_unbound_latency" classname="qa_tests.test_general_chat_accuracy.TestGeneralChatAccuracy" /><testcase name="test_BUG_04_raw_context_never_exposed_on_failure" classname="qa_tests.test_general_chat_accuracy.TestGeneralChatAccuracy" /><testcase name="test_BUG_05_document_and_search_queries_route_correctly" classname="qa_tests.test_general_chat_accuracy.TestGeneralChatAccuracy" /><testcase name="test_BUG_05_general_queries_route_directly_to_generate" classname="qa_tests.test_general_chat_accuracy.TestGeneralChatAccuracy" /><testcase name="test_BUG_06_mandatory_intent_matrix" classname="qa_tests.test_general_chat_accuracy.TestGeneralChatAccuracy" /><testcase name="test_BUG_07_general_chat_does_not_invoke_query_rewrite" classname="qa_tests.test_general_chat_accuracy.TestGeneralChatAccuracy" /><testcase name="test_BUG_07_search_and_rag_do_invoke_query_rewrite" classname="qa_tests.test_general_chat_accuracy.TestGeneralChatAccuracy" /><testcase name="test_BUG_08_none_temperature_does_not_crash_generation_node" classname="qa_tests.test_general_chat_accuracy.TestGeneralChatAccuracy" /><testcase name="test_BUG_08_temperature_propagates_to_provider" classname="qa_tests.test_general_chat_accuracy.TestGeneralChatAccuracy" /><testcase name="test_BUG_10_gemini_registered_in_health_and_valid_model" classname="qa_tests.test_general_chat_accuracy.TestGeneralChatAccuracy" /></testsuite>